// Jest Snapshot v1, https://goo.gl/fbAQLP

exports[`register must works Must throw an error if the information is wrong 1`] = `[ValidationError: Validation failed: curp: Path \`curp\` is invalid (WRONGCURP).]`;
